[barunsonmcard.com/preview/1079.html]
[backblue.gif]
[fade.gif]
[index.html]
[barunsonmcard.com/css/loader2f54.css]
[barunsonmcard.com/dist/css/photoswipe.css]
[unpkg.com/swiper/swiper-bundle.min.3.delayed]
[unpkg.com/swiper@7.4.1/swiper-bundle.min.css]
[barunsonmcard.com/css/extra_font.css]
[barunsonmcard.com/css/style.css]
[unpkg.com/swiper/swiper-bundle.min.js]
[code.jquery.com/jquery-1.12.4.min.js]
[unpkg.com/swiper@7.4.1/swiper-bundle.min.js]
[barunsonmcard.com/dist/js/photoswipe.js]
[barunsonmcard.com/dist/js/photoswipe-ui-default.min.js]
[developers.kakao.com/sdk/js/kakao.min.js]
[barunsonmcard.com/js/sns.js]
[barunsonmcard.com/js/preview/preview2f54.js]
[barunsonmcard.com/upload/template/MC1239/css/3ea1e48f-d677-40ff-bcd9-f6b936294aec.css]
[barunsonmcard.com/upload/template/MC1239/js/d97f5b58-bae1-44a4-9af0-1de6150b419a.js]
[barunsonmcard.com/preview/1079.html]
[barunsonmcard.com/css/loader2f54.css]
[barunsonmcard.com/dist/js/photoswipe-gallery.js]
[barunsonmcard.com/dist/img/default-skin.png]
[barunsonmcard.com/dist/css/photoswipe.css]
[unpkg.com/swiper@7.4.1/swiper-bundle.min.css]
[barunsonmcard.com/css/extra_font.css]
[barunsonmcard.com/img/skin/toggle_icon.png]
[barunsonmcard.com/img/skin/kakaopay.jpg]
[barunsonmcard.com/img/skin/del_icon.png]
[barunsonmcard.com/css/style.css]
[barunsonmcard.com/upload/template/MC1239/css/3ea1e48f-d677-40ff-bcd9-f6b936294aec.css]
[fonts.googleapis.com/earlyaccess/jejugothic.css]
[fonts.googleapis.com/earlyaccess/jejumyeongjo.css]
[fonts.googleapis.com/earlyaccess/jejuhallasan.css]
[fonts.googleapis.com/earlyaccess/kopubbatang.css]
[fonts.googleapis.com/earlyaccess/hanna.css]
